{
  "data": {
    "attributes": {
      "created-at": "0001-01-01T00:00:00Z",
      "fields": "{\"space\": \"00000000-0000-0000-0000-000000000001\"}",
      "title": "query 00000000-0000-0000-0000-000000000002"
    },
    "id": "00000000-0000-0000-0000-000000000003",
    "links": {
      "related": "http:///api/spaces/00000000-0000-0000-0000-000000000001/queries/00000000-0000-0000-0000-000000000003",
      "self": "http:///api/spaces/00000000-0000-0000-0000-000000000001/queries/00000000-0000-0000-0000-000000000003"
    },
    "relationships": {
      "creator": {
        "data": {
          "id": "00000000-0000-0000-0000-000000000004",
          "links": {
            "related": "http:///api/users/00000000-0000-0000-0000-000000000004"
          },
          "type": "identities"
        }
      },
      "space": {
        "data": {
          "id": "00000000-0000-0000-0000-000000000001",
          "type": "spaces"
        },
        "links": {
          "related": "http:///api/spaces/00000000-0000-0000-0000-000000000001",
          "self": "http:///api/spaces/00000000-0000-0000-0000-000000000001"
        }
      }
    },
    "type": "queries"
  }
}