{
  "data": {
    "attributes": {
      "bucket": "portfolio",
      "created-at": "0001-01-01T00:00:00Z",
      "icon": "fa fa-bullseye",
      "name": "Scenarios",
      "show-in-sidebar": true,
      "updated-at": "0001-01-01T00:00:00Z"
    },
    "id": "00000000-0000-0000-0000-000000000001",
    "links": {
      "related": "http:///api/workitemtypegroups/00000000-0000-0000-0000-000000000001"
    },
    "relationships": {
      "spaceTemplate": {
        "data": {
          "id": "00000000-0000-0000-0000-000000000002",
          "type": "spacetemplates"
        }
      },
      "typeList": {
        "data": [
          {
            "id": "00000000-0000-0000-0000-000000000003",
            "type": "workitemtypes"
          },
          {
            "id": "00000000-0000-0000-0000-000000000004",
            "type": "workitemtypes"
          },
          {
            "id": "00000000-0000-0000-0000-000000000005",
            "type": "workitemtypes"
          }
        ]
      }
    },
    "type": "workitemtypegroups"
  }
}