{
  "data": [
    {
      "attributes": {
        "bucket": "portfolio",
        "created-at": "0001-01-01T00:00:00Z",
        "icon": "fa fa-bullseye",
        "name": "Scenarios",
        "show-in-sidebar": true,
        "updated-at": "0001-01-01T00:00:00Z"
      },
      "id": "00000000-0000-0000-0000-000000000001",
      "links": {
        "related": "http:///api/workitemtypegroups/00000000-0000-0000-0000-000000000001"
      },
      "relationships": {
        "spaceTemplate": {
          "data": {
            "id": "00000000-0000-0000-0000-000000000002",
            "type": "spacetemplates"
          }
        },
        "typeList": {
          "data": [
            {
              "id": "00000000-0000-0000-0000-000000000003",
              "type": "workitemtypes"
            },
            {
              "id": "00000000-0000-0000-0000-000000000004",
              "type": "workitemtypes"
            },
            {
              "id": "00000000-0000-0000-0000-000000000005",
              "type": "workitemtypes"
            }
          ]
        }
      },
      "type": "workitemtypegroups"
    },
    {
      "attributes": {
        "bucket": "portfolio",
        "created-at": "0001-01-01T00:00:00Z",
        "icon": "pficon pficon-infrastructure",
        "name": "Experiences",
        "show-in-sidebar": true,
        "updated-at": "0001-01-01T00:00:00Z"
      },
      "id": "00000000-0000-0000-0000-000000000006",
      "links": {
        "related": "http:///api/workitemtypegroups/00000000-0000-0000-0000-000000000006"
      },
      "relationships": {
        "spaceTemplate": {
          "data": {
            "id": "00000000-0000-0000-0000-000000000002",
            "type": "spacetemplates"
          }
        },
        "typeList": {
          "data": [
            {
              "id": "00000000-0000-0000-0000-000000000007",
              "type": "workitemtypes"
            },
            {
              "id": "00000000-0000-0000-0000-000000000008",
              "type": "workitemtypes"
            }
          ]
        }
      },
      "type": "workitemtypegroups"
    },
    {
      "attributes": {
        "bucket": "requirement",
        "created-at": "0001-01-01T00:00:00Z",
        "icon": "fa fa-list-ul",
        "name": "Requirements",
        "show-in-sidebar": true,
        "updated-at": "0001-01-01T00:00:00Z"
      },
      "id": "00000000-0000-0000-0000-000000000009",
      "links": {
        "related": "http:///api/workitemtypegroups/00000000-0000-0000-0000-000000000009"
      },
      "relationships": {
        "spaceTemplate": {
          "data": {
            "id": "00000000-0000-0000-0000-000000000002",
            "type": "spacetemplates"
          }
        },
        "typeList": {
          "data": [
            {
              "id": "00000000-0000-0000-0000-000000000010",
              "type": "workitemtypes"
            },
            {
              "id": "00000000-0000-0000-0000-000000000011",
              "type": "workitemtypes"
            }
          ]
        }
      },
      "type": "workitemtypegroups"
    },
    {
      "attributes": {
        "bucket": "iteration",
        "created-at": "0001-01-01T00:00:00Z",
        "icon": "fa fa-repeat",
        "name": "Execution",
        "show-in-sidebar": false,
        "updated-at": "0001-01-01T00:00:00Z"
      },
      "id": "00000000-0000-0000-0000-000000000012",
      "links": {
        "related": "http:///api/workitemtypegroups/00000000-0000-0000-0000-000000000012"
      },
      "relationships": {
        "spaceTemplate": {
          "data": {
            "id": "00000000-0000-0000-0000-000000000002",
            "type": "spacetemplates"
          }
        },
        "typeList": {
          "data": [
            {
              "id": "00000000-0000-0000-0000-000000000013",
              "type": "workitemtypes"
            },
            {
              "id": "00000000-0000-0000-0000-000000000011",
              "type": "workitemtypes"
            },
            {
              "id": "00000000-0000-0000-0000-000000000010",
              "type": "workitemtypes"
            }
          ]
        }
      },
      "type": "workitemtypegroups"
    }
  ],
  "links": {
    "self": "http:///api/spacetemplates/00000000-0000-0000-0000-000000000002/workitemtypegroups"
  }
}