{
  "Content-Type": [
    "application/vnd.api+json"
  ],
  "Location": [
    "http:///api/spaces/00000000-0000-0000-0000-000000000001/queries/00000000-0000-0000-0000-000000000002"
  ]
}